// Jest Snapshot v1, https://goo.gl/fbAQLP

exports[`build() should build simple middleware 1`] = `
Object {
  "pages": Object {
    "_middleware.js": Object {
      "env": Array [],
      "files": Array [
        "server/pages/_middleware.js",
      ],
      "name": "pages/_middleware",
      "page": "/",
      "regexp": "^/.*$",
      "runtime": "web",
      "sortingIndex": 1,
    },
  },
  "version": 2,
}
`;
